// Jest Snapshot v1, https://goo.gl/fbAQLP

exports[`HotelCard correctly renders after relaunch 1`] = `
<Router
  history={
    Object {
      "action": "POP",
      "block": [Function],
      "createHref": [Function],
      "go": [Function],
      "goBack": [Function],
      "goForward": [Function],
      "length": 1,
      "listen": [Function],
      "location": Object {
        "hash": "",
        "pathname": "/",
        "search": "",
        "state": undefined,
      },
      "push": [Function],
      "replace": [Function],
    }
  }
>
  <HotelCard
    offer={
      Object {
        "cost": 120,
        "isPremium": true,
        "name": "Beautiful & luxurious apartment at great location",
        "rating": 55,
        "type": "Apartment",
      }
    }
    onHover={[MockFunction]}
  />
</Router>
`;
