// Jest Snapshot v1, https://goo.gl/fbAQLP

exports[`HotelCard correctly renders after relaunch 1`] = `
<div
  className="property__inside"
>
  <h2
    className="property__inside-title"
  >
    What's inside
  </h2>
  <ul
    className="property__inside-list"
  >
    <li
      className="property__inside-item"
    >
      Washer
    </li>
    <li
      className="property__inside-item"
    >
      Baby seat
    </li>
    <li
      className="property__inside-item"
    >
      Fridge
    </li>
  </ul>
</div>
`;
